// Jest Snapshot v1, https://goo.gl/fbAQLP

exports[`from v2 buffer check individual field from v2 buffer - toCompactObject - ["0.0.365299-1615141267-266970662"] 1`] = `[Error: Unsupported operation]`;

exports[`from v2 buffer from non-Buffer obj 1`] = `[Error: Unsupported record file]`;

exports[`from v2 buffer truncated v2 buffer 1`] = `[Error: Error reading byte array, expect 221-byte data got 220-byte]`;

exports[`from v2 buffer v2 buffer with extra data 1`] = `[Error: Unsupported marker 0, expect 2]`;

exports[`unsupported record file version create object from version 3 1`] = `[Error: Unsupported record file]`;

exports[`unsupported record file version create object from version 4 1`] = `[Error: Unsupported record file]`;

exports[`unsupported record file version create object from version 5 1`] = `[Error: Unsupported record file]`;

exports[`unsupported record file version create object from version 6 1`] = `[Error: Unsupported record file]`;
